// Jest Snapshot v1, https://goo.gl/fbAQLP

exports[`should return person 1`] = `
Object {
  "person": Object {
    "conversations": Object {
      "edges": Array [],
    },
    "createdAt": Any<String>,
    "email": Any<String>,
    "id": "PersonType:2",
    "isActive": false,
    "isAdmin": false,
    "lastSeen": null,
    "username": Any<String>,
  },
}
`;
