// Jest Snapshot v1, https://goo.gl/fbAQLP

exports[`should return conversation 1`] = `
Object {
  "conversation": Object {
    "createdAt": Any<String>,
    "id": "ConversationType:1",
    "messages": Object {
      "edges": Array [],
    },
    "name": Any<String>,
    "participants": Object {
      "edges": Array [
        Object {
          "node": Object {
            "id": "PersonType:1",
          },
        },
      ],
    },
  },
}
`;
